// Jest Snapshot v1, https://goo.gl/fbAQLP

exports[`Home マウントされたときに正常にレンダリングされること 1`] = `
<View
  style={
    Object {
      "alignItems": "center",
      "flex": 1,
      "justifyContent": "center",
    }
  }
  testID="HomeScreen"
>
  <Text
    style={
      Object {
        "color": "#242424",
        "fontSize": 43.714285714285715,
      }
    }
  >
    開発中
  </Text>
</View>
`;
