// Jest Snapshot v1, https://goo.gl/fbAQLP

exports[`TermsAgreementOverlayComponent マウントされたときに正常にレンダリングされること 1`] = `
[
  <View
    style={
      {
        "bottom": 0,
        "height": 640,
        "position": "absolute",
        "width": 320,
      }
    }
  >
    <View
      accessibilityState={
        {
          "busy": undefined,
          "checked": undefined,
          "disabled": undefined,
          "expanded": undefined,
          "selected": undefined,
        }
      }
      accessibilityValue={
        {
          "max": undefined,
          "min": undefined,
          "now": undefined,
          "text": undefined,
        }
      }
      accessible={true}
      collapsable={false}
      focusable={true}
      onBlur={[Function]}
      onClick={[Function]}
      onFocus={[Function]}
      onResponderGrant={[Function]}
      onResponderMove={[Function]}
      onResponderRelease={[Function]}
      onResponderTerminate={[Function]}
      onResponderTerminationRequest={[Function]}
      onStartShouldSetResponder={[Function]}
      style={
        {
          "bottom": 0,
          "left": 0,
          "position": "absolute",
          "right": 0,
          "top": 0,
        }
      }
    >
      <View
        animatedStyle={
          {
            "value": {},
          }
        }
        collapsable={false}
        entering={
          FadeIn {
            "build": [Function],
            "callbackV": [Function],
            "dampingRatioV": undefined,
            "dampingV": undefined,
            "delayV": undefined,
            "durationV": 300,
            "easingV": undefined,
            "initialValues": undefined,
            "massV": undefined,
            "overshootClampingV": undefined,
            "randomizeDelay": false,
            "reduceMotionV": "system",
            "restDisplacementThresholdV": undefined,
            "restSpeedThresholdV": undefined,
            "rotateV": undefined,
            "stiffnessV": undefined,
            "type": undefined,
          }
        }
        exiting={
          FadeOut {
            "build": [Function],
            "callbackV": [Function],
            "dampingRatioV": undefined,
            "dampingV": undefined,
            "delayV": undefined,
            "durationV": 300,
            "easingV": undefined,
            "initialValues": undefined,
            "massV": undefined,
            "overshootClampingV": undefined,
            "randomizeDelay": false,
            "reduceMotionV": "system",
            "restDisplacementThresholdV": undefined,
            "restSpeedThresholdV": undefined,
            "rotateV": undefined,
            "stiffnessV": undefined,
            "type": undefined,
          }
        }
        style={
          {
            "backgroundColor": "rgba(0,0,0,0.4)",
            "flex": 1,
          }
        }
      />
    </View>
    <View
      pointerEvents="box-none"
      style={
        {
          "flex": 1,
          "justifyContent": "flex-end",
          "paddingBottom": 0,
          "paddingLeft": 0,
          "paddingRight": 0,
          "paddingTop": 0,
        }
      }
    >
      <View
        animatedStyle={
          {
            "value": {},
          }
        }
        collapsable={false}
        entering={
          FadeIn {
            "build": [Function],
            "callbackV": [Function],
            "dampingRatioV": undefined,
            "dampingV": undefined,
            "delayV": undefined,
            "durationV": 300,
            "easingV": undefined,
            "initialValues": undefined,
            "massV": undefined,
            "overshootClampingV": undefined,
            "randomizeDelay": false,
            "reduceMotionV": "system",
            "restDisplacementThresholdV": undefined,
            "restSpeedThresholdV": undefined,
            "rotateV": undefined,
            "stiffnessV": undefined,
            "type": undefined,
          }
        }
        exiting={
          FadeOut {
            "build": [Function],
            "callbackV": [Function],
            "dampingRatioV": undefined,
            "dampingV": undefined,
            "delayV": undefined,
            "durationV": 300,
            "easingV": undefined,
            "initialValues": undefined,
            "massV": undefined,
            "overshootClampingV": undefined,
            "randomizeDelay": false,
            "reduceMotionV": "system",
            "restDisplacementThresholdV": undefined,
            "restSpeedThresholdV": undefined,
            "rotateV": undefined,
            "stiffnessV": undefined,
            "type": undefined,
          }
        }
        pointerEvents="box-none"
        style={
          {
            "paddingHorizontal": 15,
            "paddingVertical": 50,
          }
        }
      >
        <View
          style={
            {
              "backgroundColor": "white",
              "borderRadius": 10,
              "height": "100%",
              "justifyContent": "center",
              "paddingHorizontal": 10,
              "paddingVertical": 20,
              "width": "100%",
            }
          }
          testID="TermsAgreementOverlay"
        >
          <View
            style={
              {
                "alignSelf": "center",
                "paddingVertical": 10,
              }
            }
          >
            <Text
              style={
                {
                  "color": "#242424",
                  "fontSize": 24,
                  "fontWeight": "bold",
                }
              }
            >
              利用規約
            </Text>
          </View>
          <View
            androidLayerType="software"
            decelerationRate="normal"
            onError={[Function]}
            onHttpError={[Function]}
            onLoadProgress={[Function]}
            onLoadStart={[Function]}
            onScroll={[Function]}
            renderLoading={[Function]}
            source={
              {
                "uri": "https://www.tis.co.jp/termsofuse/",
              }
            }
            startInLoadingState={true}
            style={
              {
                "flex": 1,
              }
            }
          />
          <View
            style={
              {
                "flex": 0,
                "flexDirection": "row-reverse",
                "paddingHorizontal": 20,
                "paddingVertical": 14,
              }
            }
          >
            <View
              style={
                [
                  {
                    "borderRadius": 3,
                    "overflow": "hidden",
                  },
                  {
                    "borderRadius": 3,
                  },
                  {
                    "borderRadius": 8,
                    "width": 90,
                  },
                  false,
                ]
              }
            >
              <View
                accessibilityRole="button"
                accessibilityState={
                  {
                    "busy": false,
                    "checked": undefined,
                    "disabled": true,
                    "expanded": undefined,
                    "selected": undefined,
                  }
                }
                accessibilityValue={
                  {
                    "max": undefined,
                    "min": undefined,
                    "now": undefined,
                    "text": undefined,
                  }
                }
                accessible={true}
                collapsable={false}
                focusable={true}
                onClick={[Function]}
                onResponderGrant={[Function]}
                onResponderMove={[Function]}
                onResponderRelease={[Function]}
                onResponderTerminate={[Function]}
                onResponderTerminationRequest={[Function]}
                onStartShouldSetResponder={[Function]}
                style={
                  {
                    "opacity": 1,
                  }
                }
              >
                <View
                  style={
                    {
                      "alignItems": "center",
                      "backgroundColor": "hsl(208, 8%, 90%)",
                      "borderColor": "#2089dc",
                      "borderRadius": 8,
                      "borderWidth": 0,
                      "flexDirection": "row",
                      "height": 50,
                      "justifyContent": "center",
                      "padding": 8,
                      "width": 90,
                    }
                  }
                >
                  <Text
                    style={
                      {
                        "color": "hsl(208, 8%, 63%)",
                        "fontSize": 18,
                        "paddingVertical": 1,
                        "textAlign": "center",
                      }
                    }
                  >
                    同意
                  </Text>
                </View>
              </View>
            </View>
          </View>
        </View>
      </View>
    </View>
  </View>,
  <View
    testID="FullWindowOverlay"
  />,
]
`;
